*** Using Compiler 'V5.06 update 5 (build 528)', folder: 'E:\Keil\ARM\ARMCC\Bin'
Rebuild target 'PY32F031x8_Project'
compiling py32f031_ll_cordic.c...
compiling py32f031_ll_comp.c...
compiling py32f031_ll_adc.c...
compiling py32f031_ll_crc.c...
compiling py32f031_ll_dma.c...
compiling py32f031_ll_gpio.c...
compiling py32f031_ll_exti.c...
compiling py32f031_ll_lcd.c...
compiling py32f031_ll_i2c.c...
compiling py32f031_ll_lptim.c...
compiling py32f031_ll_pwr.c...
compiling py32f031_ll_rcc.c...
compiling py32f031_ll_spi.c...
compiling py32f031_ll_rtc.c...
compiling py32f031_ll_tim.c...
assembling startup_py32f031xx.s...
compiling py32f031_ll_utils.c...
compiling py32f031_ll_usart.c...
compiling system_py32f031.c...
compiling py32f031_it.c...
compiling GFX.c...
compiling Area.c...
compiling main.c...
compiling gfx_test_assets.c...
compiling User_Main.c...
compiling Key.c...
compiling GFX_Port.c...
compiling Delay.c...
compiling GFX_Hardware_Test.c...
compiling Key_Port.c...
compiling Tick.c...
compiling HKND_St7789W3.c...
compiling BY25Q80.c...
compiling Delay_Port.c...
compiling Easy_Func.c...
compiling Tick_Port.c...
compiling MCU.c...
compiling Power_Port.c...
linking...
Program Size: Code=18664 RO-data=5048 RW-data=24 ZI-data=7712  
FromELF: creating hex file...
".\Output\13138CodeHex.axf" - 0 Error(s), 0 Warning(s).
Build Time Elapsed:  00:00:07
